// Jest Snapshot v1, https://goo.gl/fbAQLP

exports[`<ItemList /> tests should render ItemList with correct props 1`] = `
<div>
  <div
    class="card"
  >
    <div
      class="card-title h5"
    >
      Face Mask
    </div>
    <div
      class="card-body"
    >
      2.5
    </div>
    <button
      class="btn btn-primary"
      type="button"
    >
      Add to cart
    </button>
  </div>
  <div
    class="card"
  >
    <div
      class="card-title h5"
    >
      Toilet Paper
    </div>
    <div
      class="card-body"
    >
      0.65
    </div>
    <button
      class="btn btn-primary"
      type="button"
    >
      Add to cart
    </button>
  </div>
  <div
    class="card"
  >
    <div
      class="card-title h5"
    >
      Hand Sanitizer
    </div>
    <div
      class="card-body"
    >
      19.99
    </div>
    <button
      class="btn btn-primary"
      type="button"
    >
      Add to cart
    </button>
  </div>
</div>
`;
